Archive member included to satisfy reference by file (symbol)

c:/program files (x86)/atmel/studio/7.0/toolchain/avr8/avr8-gnu-toolchain/bin/../lib/gcc/avr/5.4.0/avr5\libgcc.a(_exit.o)
                              C:/Program Files (x86)/Atmel/Studio/7.0/Packs/atmel/ATmega_DFP/1.7.374/gcc/dev/atmega32/avr5/crtatmega32.o (exit)
c:/program files (x86)/atmel/studio/7.0/toolchain/avr8/avr8-gnu-toolchain/bin/../lib/gcc/avr/5.4.0/avr5\libgcc.a(_tablejump2.o)
                              01 MCAL/04 Timer/Timer_programing.o (__tablejump2__)
c:/program files (x86)/atmel/studio/7.0/toolchain/avr8/avr8-gnu-toolchain/bin/../lib/gcc/avr/5.4.0/avr5\libgcc.a(_copy_data.o)
                              02 ECUAL/03 KEYPAD/KEYPAD_programming.o (__do_copy_data)
c:/program files (x86)/atmel/studio/7.0/toolchain/avr8/avr8-gnu-toolchain/bin/../lib/gcc/avr/5.4.0/avr5\libgcc.a(_clear_bss.o)
                              01 MCAL/01 GINTRUPT/GEXTINT_programming.o (__do_clear_bss)
c:/program files (x86)/atmel/studio/7.0/toolchain/avr8/avr8-gnu-toolchain/bin/../lib/gcc/avr/5.4.0/avr5\libgcc.a(_umulhisi3.o)
                              02 ECUAL/01 7segment/7segment_programming.o (__umulhisi3)

Allocating common symbols
Common symbol       size              file

number              0x2               11 water_levelSensor.o
reading             0xa               11 water_levelSensor.o
segpins4pov4pov     0x5               02 ECUAL/01 7segment/7segment_programming.o
segpins4pov         0x8               02 ECUAL/01 7segment/7segment_programming.o

Discarded input sections

 .data          0x00000000        0x0 C:/Program Files (x86)/Atmel/Studio/7.0/Packs/atmel/ATmega_DFP/1.7.374/gcc/dev/atmega32/avr5/crtatmega32.o
 .bss           0x00000000        0x0 C:/Program Files (x86)/Atmel/Studio/7.0/Packs/atmel/ATmega_DFP/1.7.374/gcc/dev/atmega32/avr5/crtatmega32.o
 .text          0x00000000        0x0 01 MCAL/01 GINTRUPT/GEXTINT_programming.o
 .data          0x00000000        0x0 01 MCAL/01 GINTRUPT/GEXTINT_programming.o
 .bss           0x00000000        0x0 01 MCAL/01 GINTRUPT/GEXTINT_programming.o
 .text.Intrupt_globalDisabled
                0x00000000        0x6 01 MCAL/01 GINTRUPT/GEXTINT_programming.o
 .text.Intrupt_ExternalSense
                0x00000000       0xc4 01 MCAL/01 GINTRUPT/GEXTINT_programming.o
 .text.Intrupt_EnableExternal
                0x00000000       0x2e 01 MCAL/01 GINTRUPT/GEXTINT_programming.o
 .text.Intrupt_DisableExternal
                0x00000000       0x2e 01 MCAL/01 GINTRUPT/GEXTINT_programming.o
 .text.Intrupt_ExtFlagRead
                0x00000000       0x72 01 MCAL/01 GINTRUPT/GEXTINT_programming.o
 .text.EXTI_voidSetCallBack
                0x00000000       0x16 01 MCAL/01 GINTRUPT/GEXTINT_programming.o
 .text          0x00000000        0x0 01 MCAL/02 GIE/GIE_programming.o
 .data          0x00000000        0x0 01 MCAL/02 GIE/GIE_programming.o
 .bss           0x00000000        0x0 01 MCAL/02 GIE/GIE_programming.o
 .text.GIE_IntruptGlobalEnable
                0x00000000        0x8 01 MCAL/02 GIE/GIE_programming.o
 .text.GIE_IntruptGlobalDisabled
                0x00000000        0x8 01 MCAL/02 GIE/GIE_programming.o
 .debug_info    0x00000000      0x126 01 MCAL/02 GIE/GIE_programming.o
 .debug_abbrev  0x00000000       0xa2 01 MCAL/02 GIE/GIE_programming.o
 .debug_aranges
                0x00000000       0x28 01 MCAL/02 GIE/GIE_programming.o
 .debug_ranges  0x00000000       0x18 01 MCAL/02 GIE/GIE_programming.o
 .debug_line    0x00000000       0xa7 01 MCAL/02 GIE/GIE_programming.o
 .debug_str     0x00000000      0x1f2 01 MCAL/02 GIE/GIE_programming.o
 .comment       0x00000000       0x31 01 MCAL/02 GIE/GIE_programming.o
 .debug_frame   0x00000000       0x34 01 MCAL/02 GIE/GIE_programming.o
 .text          0x00000000        0x0 01 MCAL/03 ADC/ADC_programing.o
 .data          0x00000000        0x0 01 MCAL/03 ADC/ADC_programing.o
 .bss           0x00000000        0x0 01 MCAL/03 ADC/ADC_programing.o
 .text.ADC_DIsable
                0x00000000        0x8 01 MCAL/03 ADC/ADC_programing.o
 .text.ADC_GETFlag
                0x00000000        0xc 01 MCAL/03 ADC/ADC_programing.o
 .text          0x00000000        0x0 01 MCAL/04 Timer/Timer_programing.o
 .data          0x00000000        0x0 01 MCAL/04 Timer/Timer_programing.o
 .bss           0x00000000        0x0 01 MCAL/04 Timer/Timer_programing.o
 .text.Timer_mode
                0x00000000      0x124 01 MCAL/04 Timer/Timer_programing.o
 .text.Timer_InatialVal
                0x00000000       0x1a 01 MCAL/04 Timer/Timer_programing.o
 .text.Timer_CompareVal
                0x00000000       0x1a 01 MCAL/04 Timer/Timer_programing.o
 .text.Timer_intruptEnable
                0x00000000       0x4e 01 MCAL/04 Timer/Timer_programing.o
 .text.Timer_intruptDisable
                0x00000000       0x4e 01 MCAL/04 Timer/Timer_programing.o
 .text.Timer_StartPRESCalerValue
                0x00000000      0x12c 01 MCAL/04 Timer/Timer_programing.o
 .progmem.gcc_sw_table.Timer_StartPRESCalerValue
                0x00000000       0x20 01 MCAL/04 Timer/Timer_programing.o
 .text.Timer_ReadFlag
                0x00000000       0x8a 01 MCAL/04 Timer/Timer_programing.o
 .text.Timer_EraseFlag
                0x00000000       0x4e 01 MCAL/04 Timer/Timer_programing.o
 .text.TIMER0_callbackfunc
                0x00000000       0x3a 01 MCAL/04 Timer/Timer_programing.o
 .text          0x00000000        0x0 02 ECUAL/00 LED/LED_progrming.o
 .data          0x00000000        0x0 02 ECUAL/00 LED/LED_progrming.o
 .bss           0x00000000        0x0 02 ECUAL/00 LED/LED_progrming.o
 .text.LED_toogle
                0x00000000        0x6 02 ECUAL/00 LED/LED_progrming.o
 .text          0x00000000        0x0 02 ECUAL/01 7segment/7segment_programming.o
 .data          0x00000000        0x0 02 ECUAL/01 7segment/7segment_programming.o
 .bss           0x00000000        0x0 02 ECUAL/01 7segment/7segment_programming.o
 .text.seg_Setconnection
                0x00000000       0x7a 02 ECUAL/01 7segment/7segment_programming.o
 .text.seg_printNum
                0x00000000      0x64e 02 ECUAL/01 7segment/7segment_programming.o
 .text          0x00000000        0x0 02 ECUAL/02 LCD/LCD_program.o
 .data          0x00000000        0x0 02 ECUAL/02 LCD/LCD_program.o
 .bss           0x00000000        0x0 02 ECUAL/02 LCD/LCD_program.o
 .text._delay_us
                0x00000000       0x22 02 ECUAL/02 LCD/LCD_program.o
 .text._delay_ms
                0x00000000       0x26 02 ECUAL/02 LCD/LCD_program.o
 .text.LCD_4_bit_sendcommand
                0x00000000       0xca 02 ECUAL/02 LCD/LCD_program.o
 .text.LCD_4_bit_intalize
                0x00000000       0x92 02 ECUAL/02 LCD/LCD_program.o
 .text.LCD_4_bit_sendchar
                0x00000000       0xca 02 ECUAL/02 LCD/LCD_program.o
 .text.Lcd_4_bit_sendstring
                0x00000000       0x1a 02 ECUAL/02 LCD/LCD_program.o
 .text.Lcd_4_bit_sendnumber
                0x00000000      0x152 02 ECUAL/02 LCD/LCD_program.o
 .text.Lcd_4_bit_courserposition
                0x00000000       0x46 02 ECUAL/02 LCD/LCD_program.o
 .text.Lcd_4_bit_createcustomchar
                0x00000000       0x36 02 ECUAL/02 LCD/LCD_program.o
 .text.Lcd_4_bit_printCustomChar
                0x00000000        0x6 02 ECUAL/02 LCD/LCD_program.o
 .debug_info    0x00000000      0x999 02 ECUAL/02 LCD/LCD_program.o
 .debug_abbrev  0x00000000      0x161 02 ECUAL/02 LCD/LCD_program.o
 .debug_loc     0x00000000      0x5df 02 ECUAL/02 LCD/LCD_program.o
 .debug_aranges
                0x00000000       0x68 02 ECUAL/02 LCD/LCD_program.o
 .debug_ranges  0x00000000       0x58 02 ECUAL/02 LCD/LCD_program.o
 .debug_line    0x00000000      0x45d 02 ECUAL/02 LCD/LCD_program.o
 .debug_str     0x00000000      0x2d2 02 ECUAL/02 LCD/LCD_program.o
 .comment       0x00000000       0x31 02 ECUAL/02 LCD/LCD_program.o
 .debug_frame   0x00000000      0x120 02 ECUAL/02 LCD/LCD_program.o
 .text          0x00000000        0x0 02 ECUAL/03 KEYPAD/KEYPAD_programming.o
 .data          0x00000000        0x0 02 ECUAL/03 KEYPAD/KEYPAD_programming.o
 .bss           0x00000000        0x0 02 ECUAL/03 KEYPAD/KEYPAD_programming.o
 .text._delay_ms
                0x00000000       0x26 02 ECUAL/03 KEYPAD/KEYPAD_programming.o
 .text.KEYPAD_Voidinit
                0x00000000       0xb2 02 ECUAL/03 KEYPAD/KEYPAD_programming.o
 .text.KEYPAD_Getpressedkey
                0x00000000       0xf0 02 ECUAL/03 KEYPAD/KEYPAD_programming.o
 .rodata.keypad
                0x00000000       0x10 02 ECUAL/03 KEYPAD/KEYPAD_programming.o
 .bss.keypad_col
                0x00000000        0x8 02 ECUAL/03 KEYPAD/KEYPAD_programming.o
 .bss.keypad_rows
                0x00000000        0x8 02 ECUAL/03 KEYPAD/KEYPAD_programming.o
 .debug_info    0x00000000      0x388 02 ECUAL/03 KEYPAD/KEYPAD_programming.o
 .debug_abbrev  0x00000000      0x140 02 ECUAL/03 KEYPAD/KEYPAD_programming.o
 .debug_loc     0x00000000       0xbc 02 ECUAL/03 KEYPAD/KEYPAD_programming.o
 .debug_aranges
                0x00000000       0x30 02 ECUAL/03 KEYPAD/KEYPAD_programming.o
 .debug_ranges  0x00000000       0x20 02 ECUAL/03 KEYPAD/KEYPAD_programming.o
 .debug_line    0x00000000      0x265 02 ECUAL/03 KEYPAD/KEYPAD_programming.o
 .debug_str     0x00000000      0x236 02 ECUAL/03 KEYPAD/KEYPAD_programming.o
 .comment       0x00000000       0x31 02 ECUAL/03 KEYPAD/KEYPAD_programming.o
 .debug_frame   0x00000000       0x60 02 ECUAL/03 KEYPAD/KEYPAD_programming.o
 .text          0x00000000        0x0 02 ECUAL/04 BUZZER/Buzzer_progrming.o
 .data          0x00000000        0x0 02 ECUAL/04 BUZZER/Buzzer_progrming.o
 .bss           0x00000000        0x0 02 ECUAL/04 BUZZER/Buzzer_progrming.o
 .text.Buzzer_on
                0x00000000        0x8 02 ECUAL/04 BUZZER/Buzzer_progrming.o
 .text.Buzzer_off
                0x00000000        0x8 02 ECUAL/04 BUZZER/Buzzer_progrming.o
 .text.Buzzer_int
                0x00000000       0x1c 02 ECUAL/04 BUZZER/Buzzer_progrming.o
 .text.Buzzer_toogle
                0x00000000        0x6 02 ECUAL/04 BUZZER/Buzzer_progrming.o
 .debug_info    0x00000000      0x20c 02 ECUAL/04 BUZZER/Buzzer_progrming.o
 .debug_abbrev  0x00000000       0xb2 02 ECUAL/04 BUZZER/Buzzer_progrming.o
 .debug_loc     0x00000000      0x14d 02 ECUAL/04 BUZZER/Buzzer_progrming.o
 .debug_aranges
                0x00000000       0x38 02 ECUAL/04 BUZZER/Buzzer_progrming.o
 .debug_ranges  0x00000000       0x28 02 ECUAL/04 BUZZER/Buzzer_progrming.o
 .debug_line    0x00000000      0x13d 02 ECUAL/04 BUZZER/Buzzer_progrming.o
 .debug_str     0x00000000      0x215 02 ECUAL/04 BUZZER/Buzzer_progrming.o
 .comment       0x00000000       0x31 02 ECUAL/04 BUZZER/Buzzer_progrming.o
 .debug_frame   0x00000000       0x60 02 ECUAL/04 BUZZER/Buzzer_progrming.o
 .text          0x00000000        0x0 02 ECUAL/05 Button/button_program.o
 .data          0x00000000        0x0 02 ECUAL/05 Button/button_program.o
 .bss           0x00000000        0x0 02 ECUAL/05 Button/button_program.o
 .text.BUTTON_init
                0x00000000       0x28 02 ECUAL/05 Button/button_program.o
 .text.BUTTON_read
                0x00000000        0x6 02 ECUAL/05 Button/button_program.o
 .debug_info    0x00000000      0x1bf 02 ECUAL/05 Button/button_program.o
 .debug_abbrev  0x00000000       0xe0 02 ECUAL/05 Button/button_program.o
 .debug_loc     0x00000000      0x128 02 ECUAL/05 Button/button_program.o
 .debug_aranges
                0x00000000       0x28 02 ECUAL/05 Button/button_program.o
 .debug_ranges  0x00000000       0x18 02 ECUAL/05 Button/button_program.o
 .debug_line    0x00000000      0x12b 02 ECUAL/05 Button/button_program.o
 .debug_str     0x00000000      0x243 02 ECUAL/05 Button/button_program.o
 .comment       0x00000000       0x31 02 ECUAL/05 Button/button_program.o
 .debug_frame   0x00000000       0x44 02 ECUAL/05 Button/button_program.o
 .text          0x00000000        0x0 11 water_levelSensor.o
 .data          0x00000000        0x0 11 water_levelSensor.o
 .bss           0x00000000        0x0 11 water_levelSensor.o
 .text          0x00000000        0x0 01 MCAL/00 DIO driver/DIO_Progrming.o
 .data          0x00000000        0x0 01 MCAL/00 DIO driver/DIO_Progrming.o
 .bss           0x00000000        0x0 01 MCAL/00 DIO driver/DIO_Progrming.o
 .text.DIO_tooglePinValue
                0x00000000       0x74 01 MCAL/00 DIO driver/DIO_Progrming.o
 .text.DIO_GetpinValueread
                0x00000000       0xce 01 MCAL/00 DIO driver/DIO_Progrming.o
 .text.DIO_SetPortVlue
                0x00000000       0x26 01 MCAL/00 DIO driver/DIO_Progrming.o
 .text.DIo_SetPortDirection
                0x00000000       0x5e 01 MCAL/00 DIO driver/DIO_Progrming.o
 .text.DIO_Test
                0x00000000       0x62 01 MCAL/00 DIO driver/DIO_Progrming.o
 .text          0x00000000        0x0 c:/program files (x86)/atmel/studio/7.0/toolchain/avr8/avr8-gnu-toolchain/bin/../lib/gcc/avr/5.4.0/avr5\libgcc.a(_exit.o)
 .data          0x00000000        0x0 c:/program files (x86)/atmel/studio/7.0/toolchain/avr8/avr8-gnu-toolchain/bin/../lib/gcc/avr/5.4.0/avr5\libgcc.a(_exit.o)
 .bss           0x00000000        0x0 c:/program files (x86)/atmel/studio/7.0/toolchain/avr8/avr8-gnu-toolchain/bin/../lib/gcc/avr/5.4.0/avr5\libgcc.a(_exit.o)
 .text.libgcc.mul
                0x00000000        0x0 c:/program files (x86)/atmel/studio/7.0/toolchain/avr8/avr8-gnu-toolchain/bin/../lib/gcc/avr/5.4.0/avr5\libgcc.a(_exit.o)
 .text.libgcc.div
                0x00000000        0x0 c:/program files (x86)/atmel/studio/7.0/toolchain/avr8/avr8-gnu-toolchain/bin/../lib/gcc/avr/5.4.0/avr5\libgcc.a(_exit.o)
 .text.libgcc   0x00000000        0x0 c:/program files (x86)/atmel/studio/7.0/toolchain/avr8/avr8-gnu-toolchain/bin/../lib/gcc/avr/5.4.0/avr5\libgcc.a(_exit.o)
 .text.libgcc.prologue
                0x00000000        0x0 c:/program files (x86)/atmel/studio/7.0/toolchain/avr8/avr8-gnu-toolchain/bin/../lib/gcc/avr/5.4.0/avr5\libgcc.a(_exit.o)
 .text.libgcc.builtins
                0x00000000        0x0 c:/program files (x86)/atmel/studio/7.0/toolchain/avr8/avr8-gnu-toolchain/bin/../lib/gcc/avr/5.4.0/avr5\libgcc.a(_exit.o)
 .text.libgcc.fmul
                0x00000000        0x0 c:/program files (x86)/atmel/studio/7.0/toolchain/avr8/avr8-gnu-toolchain/bin/../lib/gcc/avr/5.4.0/avr5\libgcc.a(_exit.o)
 .text.libgcc.fixed
                0x00000000        0x0 c:/program files (x86)/atmel/studio/7.0/toolchain/avr8/avr8-gnu-toolchain/bin/../lib/gcc/avr/5.4.0/avr5\libgcc.a(_exit.o)
 .text          0x00000000        0x0 c:/program files (x86)/atmel/studio/7.0/toolchain/avr8/avr8-gnu-toolchain/bin/../lib/gcc/avr/5.4.0/avr5\libgcc.a(_tablejump2.o)
 .data          0x00000000        0x0 c:/program files (x86)/atmel/studio/7.0/toolchain/avr8/avr8-gnu-toolchain/bin/../lib/gcc/avr/5.4.0/avr5\libgcc.a(_tablejump2.o)
 .bss           0x00000000        0x0 c:/program files (x86)/atmel/studio/7.0/toolchain/avr8/avr8-gnu-toolchain/bin/../lib/gcc/avr/5.4.0/avr5\libgcc.a(_tablejump2.o)
 .text.libgcc.mul
                0x00000000        0x0 c:/program files (x86)/atmel/studio/7.0/toolchain/avr8/avr8-gnu-toolchain/bin/../lib/gcc/avr/5.4.0/avr5\libgcc.a(_tablejump2.o)
 .text.libgcc.div
                0x00000000        0x0 c:/program files (x86)/atmel/studio/7.0/toolchain/avr8/avr8-gnu-toolchain/bin/../lib/gcc/avr/5.4.0/avr5\libgcc.a(_tablejump2.o)
 .text.libgcc   0x00000000        0xc c:/program files (x86)/atmel/studio/7.0/toolchain/avr8/avr8-gnu-toolchain/bin/../lib/gcc/avr/5.4.0/avr5\libgcc.a(_tablejump2.o)
 .text.libgcc.prologue
                0x00000000        0x0 c:/program files (x86)/atmel/studio/7.0/toolchain/avr8/avr8-gnu-toolchain/bin/../lib/gcc/avr/5.4.0/avr5\libgcc.a(_tablejump2.o)
 .text.libgcc.builtins
                0x00000000        0x0 c:/program files (x86)/atmel/studio/7.0/toolchain/avr8/avr8-gnu-toolchain/bin/../lib/gcc/avr/5.4.0/avr5\libgcc.a(_tablejump2.o)
 .text.libgcc.fmul
                0x00000000        0x0 c:/program files (x86)/atmel/studio/7.0/toolchain/avr8/avr8-gnu-toolchain/bin/../lib/gcc/avr/5.4.0/avr5\libgcc.a(_tablejump2.o)
 .text.libgcc.fixed
                0x00000000        0x0 c:/program files (x86)/atmel/studio/7.0/toolchain/avr8/avr8-gnu-toolchain/bin/../lib/gcc/avr/5.4.0/avr5\libgcc.a(_tablejump2.o)
 .text          0x00000000        0x0 c:/program files (x86)/atmel/studio/7.0/toolchain/avr8/avr8-gnu-toolchain/bin/../lib/gcc/avr/5.4.0/avr5\libgcc.a(_copy_data.o)
 .data          0x00000000        0x0 c:/program files (x86)/atmel/studio/7.0/toolchain/avr8/avr8-gnu-toolchain/bin/../lib/gcc/avr/5.4.0/avr5\libgcc.a(_copy_data.o)
 .bss           0x00000000        0x0 c:/program files (x86)/atmel/studio/7.0/toolchain/avr8/avr8-gnu-toolchain/bin/../lib/gcc/avr/5.4.0/avr5\libgcc.a(_copy_data.o)
 .text.libgcc.mul
                0x00000000        0x0 c:/program files (x86)/atmel/studio/7.0/toolchain/avr8/avr8-gnu-toolchain/bin/../lib/gcc/avr/5.4.0/avr5\libgcc.a(_copy_data.o)
 .text.libgcc.div
                0x00000000        0x0 c:/program files (x86)/atmel/studio/7.0/toolchain/avr8/avr8-gnu-toolchain/bin/../lib/gcc/avr/5.4.0/avr5\libgcc.a(_copy_data.o)
 .text.libgcc   0x00000000        0x0 c:/program files (x86)/atmel/studio/7.0/toolchain/avr8/avr8-gnu-toolchain/bin/../lib/gcc/avr/5.4.0/avr5\libgcc.a(_copy_data.o)
 .text.libgcc.prologue
                0x00000000        0x0 c:/program files (x86)/atmel/studio/7.0/toolchain/avr8/avr8-gnu-toolchain/bin/../lib/gcc/avr/5.4.0/avr5\libgcc.a(_copy_data.o)
 .text.libgcc.builtins
                0x00000000        0x0 c:/program files (x86)/atmel/studio/7.0/toolchain/avr8/avr8-gnu-toolchain/bin/../lib/gcc/avr/5.4.0/avr5\libgcc.a(_copy_data.o)
 .text.libgcc.fmul
                0x00000000        0x0 c:/program files (x86)/atmel/studio/7.0/toolchain/avr8/avr8-gnu-toolchain/bin/../lib/gcc/avr/5.4.0/avr5\libgcc.a(_copy_data.o)
 .text.libgcc.fixed
                0x00000000        0x0 c:/program files (x86)/atmel/studio/7.0/toolchain/avr8/avr8-gnu-toolchain/bin/../lib/gcc/avr/5.4.0/avr5\libgcc.a(_copy_data.o)
 .text          0x00000000        0x0 c:/program files (x86)/atmel/studio/7.0/toolchain/avr8/avr8-gnu-toolchain/bin/../lib/gcc/avr/5.4.0/avr5\libgcc.a(_clear_bss.o)
 .data          0x00000000        0x0 c:/program files (x86)/atmel/studio/7.0/toolchain/avr8/avr8-gnu-toolchain/bin/../lib/gcc/avr/5.4.0/avr5\libgcc.a(_clear_bss.o)
 .bss           0x00000000        0x0 c:/program files (x86)/atmel/studio/7.0/toolchain/avr8/avr8-gnu-toolchain/bin/../lib/gcc/avr/5.4.0/avr5\libgcc.a(_clear_bss.o)
 .text.libgcc.mul
                0x00000000        0x0 c:/program files (x86)/atmel/studio/7.0/toolchain/avr8/avr8-gnu-toolchain/bin/../lib/gcc/avr/5.4.0/avr5\libgcc.a(_clear_bss.o)
 .text.libgcc.div
                0x00000000        0x0 c:/program files (x86)/atmel/studio/7.0/toolchain/avr8/avr8-gnu-toolchain/bin/../lib/gcc/avr/5.4.0/avr5\libgcc.a(_clear_bss.o)
 .text.libgcc   0x00000000        0x0 c:/program files (x86)/atmel/studio/7.0/toolchain/avr8/avr8-gnu-toolchain/bin/../lib/gcc/avr/5.4.0/avr5\libgcc.a(_clear_bss.o)
 .text.libgcc.prologue
                0x00000000        0x0 c:/program files (x86)/atmel/studio/7.0/toolchain/avr8/avr8-gnu-toolchain/bin/../lib/gcc/avr/5.4.0/avr5\libgcc.a(_clear_bss.o)
 .text.libgcc.builtins
                0x00000000        0x0 c:/program files (x86)/atmel/studio/7.0/toolchain/avr8/avr8-gnu-toolchain/bin/../lib/gcc/avr/5.4.0/avr5\libgcc.a(_clear_bss.o)
 .text.libgcc.fmul
                0x00000000        0x0 c:/program files (x86)/atmel/studio/7.0/toolchain/avr8/avr8-gnu-toolchain/bin/../lib/gcc/avr/5.4.0/avr5\libgcc.a(_clear_bss.o)
 .text.libgcc.fixed
                0x00000000        0x0 c:/program files (x86)/atmel/studio/7.0/toolchain/avr8/avr8-gnu-toolchain/bin/../lib/gcc/avr/5.4.0/avr5\libgcc.a(_clear_bss.o)
 .text          0x00000000        0x0 c:/program files (x86)/atmel/studio/7.0/toolchain/avr8/avr8-gnu-toolchain/bin/../lib/gcc/avr/5.4.0/avr5\libgcc.a(_umulhisi3.o)
 .data          0x00000000        0x0 c:/program files (x86)/atmel/studio/7.0/toolchain/avr8/avr8-gnu-toolchain/bin/../lib/gcc/avr/5.4.0/avr5\libgcc.a(_umulhisi3.o)
 .bss           0x00000000        0x0 c:/program files (x86)/atmel/studio/7.0/toolchain/avr8/avr8-gnu-toolchain/bin/../lib/gcc/avr/5.4.0/avr5\libgcc.a(_umulhisi3.o)
 .text.libgcc.div
                0x00000000        0x0 c:/program files (x86)/atmel/studio/7.0/toolchain/avr8/avr8-gnu-toolchain/bin/../lib/gcc/avr/5.4.0/avr5\libgcc.a(_umulhisi3.o)
 .text.libgcc   0x00000000        0x0 c:/program files (x86)/atmel/studio/7.0/toolchain/avr8/avr8-gnu-toolchain/bin/../lib/gcc/avr/5.4.0/avr5\libgcc.a(_umulhisi3.o)
 .text.libgcc.prologue
                0x00000000        0x0 c:/program files (x86)/atmel/studio/7.0/toolchain/avr8/avr8-gnu-toolchain/bin/../lib/gcc/avr/5.4.0/avr5\libgcc.a(_umulhisi3.o)
 .text.libgcc.builtins
                0x00000000        0x0 c:/program files (x86)/atmel/studio/7.0/toolchain/avr8/avr8-gnu-toolchain/bin/../lib/gcc/avr/5.4.0/avr5\libgcc.a(_umulhisi3.o)
 .text.libgcc.fmul
                0x00000000        0x0 c:/program files (x86)/atmel/studio/7.0/toolchain/avr8/avr8-gnu-toolchain/bin/../lib/gcc/avr/5.4.0/avr5\libgcc.a(_umulhisi3.o)
 .text.libgcc.fixed
                0x00000000        0x0 c:/program files (x86)/atmel/studio/7.0/toolchain/avr8/avr8-gnu-toolchain/bin/../lib/gcc/avr/5.4.0/avr5\libgcc.a(_umulhisi3.o)

Memory Configuration

Name             Origin             Length             Attributes
text             0x00000000         0x00008000         xr
data             0x00800060         0x00000800         rw !x
eeprom           0x00810000         0x00000400         rw !x
fuse             0x00820000         0x00000002         rw !x
lock             0x00830000         0x00000400         rw !x
signature        0x00840000         0x00000400         rw !x
user_signatures  0x00850000         0x00000400         rw !x
*default*        0x00000000         0xffffffff

Linker script and memory map

LOAD C:/Program Files (x86)/Atmel/Studio/7.0/Packs/atmel/ATmega_DFP/1.7.374/gcc/dev/atmega32/avr5/crtatmega32.o
LOAD 01 MCAL/01 GINTRUPT/GEXTINT_programming.o
LOAD 01 MCAL/02 GIE/GIE_programming.o
LOAD 01 MCAL/03 ADC/ADC_programing.o
LOAD 01 MCAL/04 Timer/Timer_programing.o
LOAD 02 ECUAL/00 LED/LED_progrming.o
LOAD 02 ECUAL/01 7segment/7segment_programming.o
LOAD 02 ECUAL/02 LCD/LCD_program.o
LOAD 02 ECUAL/03 KEYPAD/KEYPAD_programming.o
LOAD 02 ECUAL/04 BUZZER/Buzzer_progrming.o
LOAD 02 ECUAL/05 Button/button_program.o
LOAD 11 water_levelSensor.o
LOAD 01 MCAL/00 DIO driver/DIO_Progrming.o
START GROUP
LOAD c:/program files (x86)/atmel/studio/7.0/toolchain/avr8/avr8-gnu-toolchain/bin/../lib/gcc/avr/5.4.0/../../../../avr/lib/avr5\libm.a
END GROUP
START GROUP
LOAD c:/program files (x86)/atmel/studio/7.0/toolchain/avr8/avr8-gnu-toolchain/bin/../lib/gcc/avr/5.4.0/avr5\libgcc.a
LOAD c:/program files (x86)/atmel/studio/7.0/toolchain/avr8/avr8-gnu-toolchain/bin/../lib/gcc/avr/5.4.0/../../../../avr/lib/avr5\libm.a
LOAD c:/program files (x86)/atmel/studio/7.0/toolchain/avr8/avr8-gnu-toolchain/bin/../lib/gcc/avr/5.4.0/../../../../avr/lib/avr5\libc.a
LOAD C:/Program Files (x86)/Atmel/Studio/7.0/Packs/atmel/ATmega_DFP/1.7.374/gcc/dev/atmega32/avr5\libatmega32.a
END GROUP
                0x00000000                __TEXT_REGION_ORIGIN__ = DEFINED (__TEXT_REGION_ORIGIN__)?__TEXT_REGION_ORIGIN__:0x0
                [0x00800060]                __DATA_REGION_ORIGIN__ = DEFINED (__DATA_REGION_ORIGIN__)?__DATA_REGION_ORIGIN__:0x800060
                [0x00008000]                __TEXT_REGION_LENGTH__ = DEFINED (__TEXT_REGION_LENGTH__)?__TEXT_REGION_LENGTH__:0x20000
                [0x00000800]                __DATA_REGION_LENGTH__ = DEFINED (__DATA_REGION_LENGTH__)?__DATA_REGION_LENGTH__:0xffa0
                [0x00000400]                __EEPROM_REGION_LENGTH__ = DEFINED (__EEPROM_REGION_LENGTH__)?__EEPROM_REGION_LENGTH__:0x10000
                [0x00000002]                __FUSE_REGION_LENGTH__ = DEFINED (__FUSE_REGION_LENGTH__)?__FUSE_REGION_LENGTH__:0x400
                0x00000400                __LOCK_REGION_LENGTH__ = DEFINED (__LOCK_REGION_LENGTH__)?__LOCK_REGION_LENGTH__:0x400
                0x00000400                __SIGNATURE_REGION_LENGTH__ = DEFINED (__SIGNATURE_REGION_LENGTH__)?__SIGNATURE_REGION_LENGTH__:0x400
                0x00000400                __USER_SIGNATURE_REGION_LENGTH__ = DEFINED (__USER_SIGNATURE_REGION_LENGTH__)?__USER_SIGNATURE_REGION_LENGTH__:0x400

.hash
 *(.hash)

.dynsym
 *(.dynsym)

.dynstr
 *(.dynstr)

.gnu.version
 *(.gnu.version)

.gnu.version_d
 *(.gnu.version_d)

.gnu.version_r
 *(.gnu.version_r)

.rel.init
 *(.rel.init)

.rela.init
 *(.rela.init)

.rel.text
 *(.rel.text)
 *(.rel.text.*)
 *(.rel.gnu.linkonce.t*)

.rela.text
 *(.rela.text)
 *(.rela.text.*)
 *(.rela.gnu.linkonce.t*)

.rel.fini
 *(.rel.fini)

.rela.fini
 *(.rela.fini)

.rel.rodata
 *(.rel.rodata)
 *(.rel.rodata.*)
 *(.rel.gnu.linkonce.r*)

.rela.rodata
 *(.rela.rodata)
 *(.rela.rodata.*)
 *(.rela.gnu.linkonce.r*)

.rel.data
 *(.rel.data)
 *(.rel.data.*)
 *(.rel.gnu.linkonce.d*)

.rela.data
 *(.rela.data)
 *(.rela.data.*)
 *(.rela.gnu.linkonce.d*)

.rel.ctors
 *(.rel.ctors)

.rela.ctors
 *(.rela.ctors)

.rel.dtors
 *(.rel.dtors)

.rela.dtors
 *(.rela.dtors)

.rel.got
 *(.rel.got)

.rela.got
 *(.rela.got)

.rel.bss
 *(.rel.bss)

.rela.bss
 *(.rela.bss)

.rel.plt
 *(.rel.plt)

.rela.plt
 *(.rela.plt)

.text           0x00000000      0xe88
 *(.vectors)
 .vectors       0x00000000       0x54 C:/Program Files (x86)/Atmel/Studio/7.0/Packs/atmel/ATmega_DFP/1.7.374/gcc/dev/atmega32/avr5/crtatmega32.o
                0x00000000                __vector_default
                0x00000000                __vectors
 *(.vectors)
 *(.progmem.gcc*)
                0x00000054                . = ALIGN (0x2)
                0x00000054                __trampolines_start = .
 *(.trampolines)
 .trampolines   0x00000054        0x0 linker stubs
 *(.trampolines*)
                0x00000054                __trampolines_end = .
 *libprintf_flt.a:*(.progmem.data)
 *libc.a:*(.progmem.data)
 *(.progmem*)
                0x00000054                . = ALIGN (0x2)
 *(.jumptables)
 *(.jumptables*)
 *(.lowtext)
 *(.lowtext*)
                0x00000054                __ctors_start = .
 *(.ctors)
                0x00000054                __ctors_end = .
                0x00000054                __dtors_start = .
 *(.dtors)
                0x00000054                __dtors_end = .
 SORT(*)(.ctors)
 SORT(*)(.dtors)
 *(.init0)
 .init0         0x00000054        0x0 C:/Program Files (x86)/Atmel/Studio/7.0/Packs/atmel/ATmega_DFP/1.7.374/gcc/dev/atmega32/avr5/crtatmega32.o
                0x00000054                __init
 *(.init0)
 *(.init1)
 *(.init1)
 *(.init2)
 .init2         0x00000054        0xc C:/Program Files (x86)/Atmel/Studio/7.0/Packs/atmel/ATmega_DFP/1.7.374/gcc/dev/atmega32/avr5/crtatmega32.o
 *(.init2)
 *(.init3)
 *(.init3)
 *(.init4)
 .init4         0x00000060       0x16 c:/program files (x86)/atmel/studio/7.0/toolchain/avr8/avr8-gnu-toolchain/bin/../lib/gcc/avr/5.4.0/avr5\libgcc.a(_copy_data.o)
                0x00000060                __do_copy_data
 .init4         0x00000076       0x10 c:/program files (x86)/atmel/studio/7.0/toolchain/avr8/avr8-gnu-toolchain/bin/../lib/gcc/avr/5.4.0/avr5\libgcc.a(_clear_bss.o)
                0x00000076                __do_clear_bss
 *(.init4)
 *(.init5)
 *(.init5)
 *(.init6)
 *(.init6)
 *(.init7)
 *(.init7)
 *(.init8)
 *(.init8)
 *(.init9)
 .init9         0x00000086        0x8 C:/Program Files (x86)/Atmel/Studio/7.0/Packs/atmel/ATmega_DFP/1.7.374/gcc/dev/atmega32/avr5/crtatmega32.o
 *(.init9)
 *(.text)
 .text          0x0000008e        0x4 C:/Program Files (x86)/Atmel/Studio/7.0/Packs/atmel/ATmega_DFP/1.7.374/gcc/dev/atmega32/avr5/crtatmega32.o
                0x0000008e                __vector_12
                0x0000008e                __bad_interrupt
                0x0000008e                __vector_6
                0x0000008e                __vector_13
                0x0000008e                __vector_17
                0x0000008e                __vector_19
                0x0000008e                __vector_7
                0x0000008e                __vector_5
                0x0000008e                __vector_4
                0x0000008e                __vector_9
                0x0000008e                __vector_15
                0x0000008e                __vector_8
                0x0000008e                __vector_14
                0x0000008e                __vector_18
                0x0000008e                __vector_20
                0x00000092                . = ALIGN (0x2)
 *(.text.*)
 .text.Intrupt_GlobalEnable
                0x00000092        0x6 01 MCAL/01 GINTRUPT/GEXTINT_programming.o
                0x00000092                Intrupt_GlobalEnable
 .text.__vector_1
                0x00000098       0x58 01 MCAL/01 GINTRUPT/GEXTINT_programming.o
                0x00000098                __vector_1
 .text.__vector_2
                0x000000f0       0x58 01 MCAL/01 GINTRUPT/GEXTINT_programming.o
                0x000000f0                __vector_2
 .text.__vector_3
                0x00000148       0x58 01 MCAL/01 GINTRUPT/GEXTINT_programming.o
                0x00000148                __vector_3
 .text.ADC_SETADCMux_Mode
                0x000001a0      0x1b0 01 MCAL/03 ADC/ADC_programing.o
                0x000001a0                ADC_SETADCMux_Mode
 .text.ADC_Enable
                0x00000350        0x8 01 MCAL/03 ADC/ADC_programing.o
                0x00000350                ADC_Enable
 .text.ADC_SETExteernalTrig
                0x00000358       0x14 01 MCAL/03 ADC/ADC_programing.o
                0x00000358                ADC_SETExteernalTrig
 .text.ADC_clearFlag
                0x0000036c        0xe 01 MCAL/03 ADC/ADC_programing.o
                0x0000036c                ADC_clearFlag
 .text.ADC_startconversion
                0x0000037a        0xc 01 MCAL/03 ADC/ADC_programing.o
                0x0000037a                ADC_startconversion
 .text.ADC_EnableInterupt
                0x00000386        0x8 01 MCAL/03 ADC/ADC_programing.o
                0x00000386                ADC_EnableInterupt
 .text.ADC_DisableInterupt
                0x0000038e        0x8 01 MCAL/03 ADC/ADC_programing.o
                0x0000038e                ADC_DisableInterupt
 .text.ADC_SETprescaler
                0x00000396       0x14 01 MCAL/03 ADC/ADC_programing.o
                0x00000396                ADC_SETprescaler
 .text.ADC_Intalize
                0x000003aa       0x24 01 MCAL/03 ADC/ADC_programing.o
                0x000003aa                ADC_Intalize
 .text.ADC_GETDATAvalue
                0x000003ce        0xc 01 MCAL/03 ADC/ADC_programing.o
                0x000003ce                ADC_GETDATAvalue
 .text.ADC_voidSetCallBack
                0x000003da        0xe 01 MCAL/03 ADC/ADC_programing.o
                0x000003da                ADC_voidSetCallBack
 .text.__vector_16
                0x000003e8       0x4e 01 MCAL/03 ADC/ADC_programing.o
                0x000003e8                __vector_16
 .text.__vector_11
                0x00000436       0x4e 01 MCAL/04 Timer/Timer_programing.o
                0x00000436                __vector_11
 .text.__vector_10
                0x00000484       0x4e 01 MCAL/04 Timer/Timer_programing.o
                0x00000484                __vector_10
 .text.LED_on   0x000004d2        0x8 02 ECUAL/00 LED/LED_progrming.o
                0x000004d2                LED_on
 .text.LED_off  0x000004da        0x8 02 ECUAL/00 LED/LED_progrming.o
                0x000004da                LED_off
 .text.LED_int  0x000004e2       0x1c 02 ECUAL/00 LED/LED_progrming.o
                0x000004e2                LED_int
 .text.seg_SetDecoderConnection
                0x000004fe       0x68 02 ECUAL/01 7segment/7segment_programming.o
                0x000004fe                seg_SetDecoderConnection
 .text.seg_printDecoderNum
                0x00000566      0x1d2 02 ECUAL/01 7segment/7segment_programming.o
                0x00000566                seg_printDecoderNum
 .text.seg_printDecoder4Num
                0x00000738      0x36e 02 ECUAL/01 7segment/7segment_programming.o
                0x00000738                seg_printDecoder4Num
 .text.read     0x00000aa6        0xc 11 water_levelSensor.o
                0x00000aa6                read
 .text.main     0x00000ab2      0x184 11 water_levelSensor.o
                0x00000ab2                main
 .text.DIO_VoidSetPinDirection
                0x00000c36      0x118 01 MCAL/00 DIO driver/DIO_Progrming.o
                0x00000c36                DIO_VoidSetPinDirection
 .text.DIO_SETPinValue
                0x00000d4e      0x118 01 MCAL/00 DIO driver/DIO_Progrming.o
                0x00000d4e                DIO_SETPinValue
 .text.libgcc.mul
                0x00000e66       0x1e c:/program files (x86)/atmel/studio/7.0/toolchain/avr8/avr8-gnu-toolchain/bin/../lib/gcc/avr/5.4.0/avr5\libgcc.a(_umulhisi3.o)
                0x00000e66                __umulhisi3
                0x00000e84                . = ALIGN (0x2)
 *(.fini9)
 .fini9         0x00000e84        0x0 c:/program files (x86)/atmel/studio/7.0/toolchain/avr8/avr8-gnu-toolchain/bin/../lib/gcc/avr/5.4.0/avr5\libgcc.a(_exit.o)
                0x00000e84                _exit
                0x00000e84                exit
 *(.fini9)
 *(.fini8)
 *(.fini8)
 *(.fini7)
 *(.fini7)
 *(.fini6)
 *(.fini6)
 *(.fini5)
 *(.fini5)
 *(.fini4)
 *(.fini4)
 *(.fini3)
 *(.fini3)
 *(.fini2)
 *(.fini2)
 *(.fini1)
 *(.fini1)
 *(.fini0)
 .fini0         0x00000e84        0x4 c:/program files (x86)/atmel/studio/7.0/toolchain/avr8/avr8-gnu-toolchain/bin/../lib/gcc/avr/5.4.0/avr5\libgcc.a(_exit.o)
 *(.fini0)
                0x00000e88                _etext = .

.data           0x00800060        0x0 load address 0x00000e88
                0x00800060                PROVIDE (__data_start, .)
 *(.data)
 *(.data*)
 *(.gnu.linkonce.d*)
 *(.rodata)
 *(.rodata*)
 *(.gnu.linkonce.r*)
                0x00800060                . = ALIGN (0x2)
                0x00800060                _edata = .
                0x00800060                PROVIDE (__data_end, .)

.bss            0x00800060       0x4a
                0x00800060                PROVIDE (__bss_start, .)
 *(.bss)
 *(.bss*)
 .bss.EXTI_CallBack
                0x00800060       0x20 01 MCAL/01 GINTRUPT/GEXTINT_programming.o
 .bss.ADC_CallBack
                0x00800080        0x2 01 MCAL/03 ADC/ADC_programing.o
 .bss.TIMER0_CallBack
                0x00800082        0xc 01 MCAL/04 Timer/Timer_programing.o
 .bss.scadular  0x0080008e        0x1 11 water_levelSensor.o
                0x0080008e                scadular
 .bss.ADCTO_READ
                0x0080008f        0x1 11 water_levelSensor.o
                0x0080008f                ADCTO_READ
 .bss.x         0x00800090        0x1 11 water_levelSensor.o
                0x00800090                x
 *(COMMON)
 COMMON         0x00800091        0xd 02 ECUAL/01 7segment/7segment_programming.o
                0x00800091                segpins4pov4pov
                0x00800096                segpins4pov
 COMMON         0x0080009e        0xc 11 water_levelSensor.o
                0x0080009e                number
                0x008000a0                reading
                0x008000aa                PROVIDE (__bss_end, .)
                0x00000e88                __data_load_start = LOADADDR (.data)
                0x00000e88                __data_load_end = (__data_load_start + SIZEOF (.data))

.noinit         0x008000aa        0x0
                [!provide]                PROVIDE (__noinit_start, .)
 *(.noinit*)
                [!provide]                PROVIDE (__noinit_end, .)
                0x008000aa                _end = .
                [!provide]                PROVIDE (__heap_start, .)

.eeprom         0x00810000        0x0
 *(.eeprom*)
                0x00810000                __eeprom_end = .

.fuse
 *(.fuse)
 *(.lfuse)
 *(.hfuse)
 *(.efuse)

.lock
 *(.lock*)

.signature
 *(.signature*)

.user_signatures
 *(.user_signatures*)

.stab
 *(.stab)

.stabstr
 *(.stabstr)

.stab.excl
 *(.stab.excl)

.stab.exclstr
 *(.stab.exclstr)

.stab.index
 *(.stab.index)

.stab.indexstr
 *(.stab.indexstr)

.comment        0x00000000       0x30
 *(.comment)
 .comment       0x00000000       0x30 01 MCAL/01 GINTRUPT/GEXTINT_programming.o
                                 0x31 (size before relaxing)
 .comment       0x00000030       0x31 01 MCAL/03 ADC/ADC_programing.o
 .comment       0x00000030       0x31 01 MCAL/04 Timer/Timer_programing.o
 .comment       0x00000030       0x31 02 ECUAL/00 LED/LED_progrming.o
 .comment       0x00000030       0x31 02 ECUAL/01 7segment/7segment_programming.o
 .comment       0x00000030       0x31 11 water_levelSensor.o
 .comment       0x00000030       0x31 01 MCAL/00 DIO driver/DIO_Progrming.o

.note.gnu.avr.deviceinfo
                0x00000000       0x3c
 .note.gnu.avr.deviceinfo
                0x00000000       0x3c C:/Program Files (x86)/Atmel/Studio/7.0/Packs/atmel/ATmega_DFP/1.7.374/gcc/dev/atmega32/avr5/crtatmega32.o

.note.gnu.build-id
 *(.note.gnu.build-id)

.debug
 *(.debug)

.line
 *(.line)

.debug_srcinfo
 *(.debug_srcinfo)

.debug_sfnames
 *(.debug_sfnames)

.debug_aranges  0x00000000      0x250
 *(.debug_aranges)
 .debug_aranges
                0x00000000       0x68 01 MCAL/01 GINTRUPT/GEXTINT_programming.o
 .debug_aranges
                0x00000068       0x88 01 MCAL/03 ADC/ADC_programing.o
 .debug_aranges
                0x000000f0       0x70 01 MCAL/04 Timer/Timer_programing.o
 .debug_aranges
                0x00000160       0x38 02 ECUAL/00 LED/LED_progrming.o
 .debug_aranges
                0x00000198       0x40 02 ECUAL/01 7segment/7segment_programming.o
 .debug_aranges
                0x000001d8       0x28 11 water_levelSensor.o
 .debug_aranges
                0x00000200       0x50 01 MCAL/00 DIO driver/DIO_Progrming.o

.debug_pubnames
 *(.debug_pubnames)

.debug_info     0x00000000     0x295d
 *(.debug_info .gnu.linkonce.wi.*)
 .debug_info    0x00000000      0x4e6 C:/Program Files (x86)/Atmel/Studio/7.0/Packs/atmel/ATmega_DFP/1.7.374/gcc/dev/atmega32/avr5/crtatmega32.o
 .debug_info    0x000004e6      0x291 01 MCAL/01 GINTRUPT/GEXTINT_programming.o
 .debug_info    0x00000777      0x2d4 01 MCAL/03 ADC/ADC_programing.o
 .debug_info    0x00000a4b      0x38b 01 MCAL/04 Timer/Timer_programing.o
 .debug_info    0x00000dd6      0x20c 02 ECUAL/00 LED/LED_progrming.o
 .debug_info    0x00000fe2     0x12da 02 ECUAL/01 7segment/7segment_programming.o
 .debug_info    0x000022bc      0x3a1 11 water_levelSensor.o
 .debug_info    0x0000265d      0x300 01 MCAL/00 DIO driver/DIO_Progrming.o

.debug_abbrev   0x00000000      0xc5c
 *(.debug_abbrev)
 .debug_abbrev  0x00000000      0x4a3 C:/Program Files (x86)/Atmel/Studio/7.0/Packs/atmel/ATmega_DFP/1.7.374/gcc/dev/atmega32/avr5/crtatmega32.o
 .debug_abbrev  0x000004a3      0x115 01 MCAL/01 GINTRUPT/GEXTINT_programming.o
 .debug_abbrev  0x000005b8      0x119 01 MCAL/03 ADC/ADC_programing.o
 .debug_abbrev  0x000006d1      0x126 01 MCAL/04 Timer/Timer_programing.o
 .debug_abbrev  0x000007f7       0xb2 02 ECUAL/00 LED/LED_progrming.o
 .debug_abbrev  0x000008a9      0x1bb 02 ECUAL/01 7segment/7segment_programming.o
 .debug_abbrev  0x00000a64       0xff 11 water_levelSensor.o
 .debug_abbrev  0x00000b63       0xf9 01 MCAL/00 DIO driver/DIO_Progrming.o

.debug_line     0x00000000     0x20af
 *(.debug_line .debug_line.* .debug_line_end)
 .debug_line    0x00000000      0x116 C:/Program Files (x86)/Atmel/Studio/7.0/Packs/atmel/ATmega_DFP/1.7.374/gcc/dev/atmega32/avr5/crtatmega32.o
 .debug_line    0x00000116      0x393 01 MCAL/01 GINTRUPT/GEXTINT_programming.o
 .debug_line    0x000004a9      0x3bf 01 MCAL/03 ADC/ADC_programing.o
 .debug_line    0x00000868      0x66c 01 MCAL/04 Timer/Timer_programing.o
 .debug_line    0x00000ed4      0x131 02 ECUAL/00 LED/LED_progrming.o
 .debug_line    0x00001005      0xa78 02 ECUAL/01 7segment/7segment_programming.o
 .debug_line    0x00001a7d      0x285 11 water_levelSensor.o
 .debug_line    0x00001d02      0x3ad 01 MCAL/00 DIO driver/DIO_Progrming.o

.debug_frame    0x00000000      0x644
 *(.debug_frame)
 .debug_frame   0x00000000      0x18c 01 MCAL/01 GINTRUPT/GEXTINT_programming.o
 .debug_frame   0x0000018c      0x13c 01 MCAL/03 ADC/ADC_programing.o
 .debug_frame   0x000002c8      0x154 01 MCAL/04 Timer/Timer_programing.o
 .debug_frame   0x0000041c       0x60 02 ECUAL/00 LED/LED_progrming.o
 .debug_frame   0x0000047c      0x100 02 ECUAL/01 7segment/7segment_programming.o
 .debug_frame   0x0000057c       0x34 11 water_levelSensor.o
 .debug_frame   0x000005b0       0x94 01 MCAL/00 DIO driver/DIO_Progrming.o

.debug_str      0x00000000      0xa07
 *(.debug_str)
 .debug_str     0x00000000      0x196 C:/Program Files (x86)/Atmel/Studio/7.0/Packs/atmel/ATmega_DFP/1.7.374/gcc/dev/atmega32/avr5/crtatmega32.o
 .debug_str     0x00000196      0x2c3 01 MCAL/01 GINTRUPT/GEXTINT_programming.o
                                0x2fd (size before relaxing)
 .debug_str     0x00000459      0x195 01 MCAL/03 ADC/ADC_programing.o
                                0x30d (size before relaxing)
 .debug_str     0x000005ee      0x169 01 MCAL/04 Timer/Timer_programing.o
                                0x322 (size before relaxing)
 .debug_str     0x00000757       0x8f 02 ECUAL/00 LED/LED_progrming.o
                                0x1fd (size before relaxing)
 .debug_str     0x000007e6      0x132 02 ECUAL/01 7segment/7segment_programming.o
                                0x2d5 (size before relaxing)
 .debug_str     0x00000918       0x3d 11 water_levelSensor.o
                                0x344 (size before relaxing)
 .debug_str     0x00000955       0xb2 01 MCAL/00 DIO driver/DIO_Progrming.o
                                0x28f (size before relaxing)

.debug_loc      0x00000000     0x1e88
 *(.debug_loc)
 .debug_loc     0x00000000      0x50b 01 MCAL/01 GINTRUPT/GEXTINT_programming.o
 .debug_loc     0x0000050b      0x1ff 01 MCAL/03 ADC/ADC_programing.o
 .debug_loc     0x0000070a      0x6c8 01 MCAL/04 Timer/Timer_programing.o
 .debug_loc     0x00000dd2      0x14d 02 ECUAL/00 LED/LED_progrming.o
 .debug_loc     0x00000f1f      0xaf0 02 ECUAL/01 7segment/7segment_programming.o
 .debug_loc     0x00001a0f      0x479 01 MCAL/00 DIO driver/DIO_Progrming.o

.debug_macinfo
 *(.debug_macinfo)

.debug_weaknames
 *(.debug_weaknames)

.debug_funcnames
 *(.debug_funcnames)

.debug_typenames
 *(.debug_typenames)

.debug_varnames
 *(.debug_varnames)

.debug_pubtypes
 *(.debug_pubtypes)

.debug_ranges   0x00000000      0x1e0
 *(.debug_ranges)
 .debug_ranges  0x00000000       0x58 01 MCAL/01 GINTRUPT/GEXTINT_programming.o
 .debug_ranges  0x00000058       0x78 01 MCAL/03 ADC/ADC_programing.o
 .debug_ranges  0x000000d0       0x60 01 MCAL/04 Timer/Timer_programing.o
 .debug_ranges  0x00000130       0x28 02 ECUAL/00 LED/LED_progrming.o
 .debug_ranges  0x00000158       0x30 02 ECUAL/01 7segment/7segment_programming.o
 .debug_ranges  0x00000188       0x18 11 water_levelSensor.o
 .debug_ranges  0x000001a0       0x40 01 MCAL/00 DIO driver/DIO_Progrming.o

.debug_macro
 *(.debug_macro)
OUTPUT(AVR Drivers test1.elf elf32-avr)
LOAD linker stubs
